W0813 07:58:46.155073  275970 cuda_executor.cc:1802] GPU interconnect information not available: INTERNAL: NVML doesn't support extracting fabric info or NVLink is not used by the device.
W0813 07:58:46.156963  275862 cuda_executor.cc:1802] GPU interconnect information not available: INTERNAL: NVML doesn't support extracting fabric info or NVLink is not used by the device.
Generating learned FM reference bank: mode=gauss-hermite, N=2592, time_n=21, RK4 substeps/interval=16
========================================================================================================
Stage D.3 — learned FM particle reference + finite/noisy measurements (NO CNF)
========================================================================================================
Backend       : /home/zanot/projects/tesseract2026/stage_b/stage_b2_transport_conditioned_design.py
D0 checkpoint : /home/zanot/projects/tesseract2026/stage_d/stage_d0_flow_matching_reference.npz
Grid/time     : 51x51 / 21
FM bank       : gauss-hermite, GH order=36, Nbank=2592
Condition     : N=100, K=7, noise std=0.01
Trials        : 24 (full action: 24)
Held-out idx  : [1, 3, 4, 6, 8, 9, 11, 12, 13, 14, 16, 17, 18, 19]

Building common physical/particle moment-feasibility intersections...
  lift    : beta inequalities=1289, physical facets=20
  tangent : beta inequalities=1427, physical facets=26
  full    : beta inequalities=1397, physical facets=26
Building common-random-number finite-measurement trial bank...
  trial  1/24 alpha=0.54884 action=True
  trial  2/24 alpha=0.68866 action=True
  trial  3/24 alpha=0.88204 action=True
  trial  4/24 alpha=1.00383 action=True
  trial  5/24 alpha=0.79611 action=True
  trial  6/24 alpha=0.93719 action=True
  trial  7/24 alpha=1.04451 action=True
  trial  8/24 alpha=0.90812 action=True
  trial  9/24 alpha=0.62079 action=True
  trial 10/24 alpha=0.54794 action=True
  trial 11/24 alpha=0.64447 action=True
  trial 12/24 alpha=0.76837 action=True
  trial 13/24 alpha=0.78788 action=True
  trial 14/24 alpha=0.88803 action=True
  trial 15/24 alpha=0.54060 action=True
  trial 16/24 alpha=0.59463 action=True
  trial 17/24 alpha=0.80289 action=True
  trial 18/24 alpha=0.74896 action=True
  trial 19/24 alpha=0.62176 action=True
  trial 20/24 alpha=0.68501 action=True
  trial 21/24 alpha=0.89456 action=True
  trial 22/24 alpha=0.74721 action=True
  trial 23/24 alpha=0.73564 action=True
  trial 24/24 alpha=0.91419 action=True

========================================================================================================
Stage D.3 — learned FM particle reference + finite/noisy measurements (NO CNF)
========================================================================================================
N=100, K=7, detector noise std=0.0100, trials=24 (action=24)
--------------------------------------------------------------------------------------------------------
Lift       learned finite law=0.08771772 ± 1.49e-03 | meas Δ=+2.608e-04 | FM-vs-exact-particle law=+5.368e-05
           learned finite A=1402.511 ± 116.67 | A meas infl.=+14.23% | ESSmin(mean)=0.907 | calmax(mean)=1.71e-04
Tangent-TC learned finite law=0.09217044 ± 1.22e-03 | meas Δ=+3.153e-04 | FM-vs-exact-particle law=+6.340e-05
           learned finite A=1062.895 ± 26.06 | A meas infl.=+4.37% | ESSmin(mean)=0.959 | calmax(mean)=1.61e-04
Full-TC    learned finite law=0.08811342 ± 1.36e-03 | meas Δ=+2.596e-04 | FM-vs-exact-particle law=+4.606e-05
           learned finite A=882.151 ± 23.71 | A meas infl.=+7.11% | ESSmin(mean)=0.916 | calmax(mean)=1.47e-04
--------------------------------------------------------------------------------------------------------
Full-Lift [analytic particles]: finite law Δ=+4.033e-04 ± 1.59e-04 | differential measurement degradation=-1.165e-06 ± 3.74e-05
                             exact-action reduction=+33.02% | finite-action reduction=+35.82%
Full-Lift [learned FM particles]: finite law Δ=+3.957e-04 ± 1.58e-04 | differential measurement degradation=-1.208e-06 ± 3.73e-05
                             exact-action reduction=+34.30% | finite-action reduction=+37.10%
Common feasibility projection active in 11.1% of design-trials; max projection norm=3.920e-02.
Projected cases:
  lift     trial= 7 alpha=1.04451 proj=2.135e-02 cal=3.719e-03 ESS=0.928
  lift     trial=14 alpha=0.88803 proj=6.314e-03 cal=1.906e-04 ESS=0.930
  lift     trial=17 alpha=0.80289 proj=3.920e-02 cal=1.885e-04 ESS=0.933
  tangent  trial= 7 alpha=1.04451 proj=2.990e-02 cal=3.687e-03 ESS=0.973
  tangent  trial=17 alpha=0.80289 proj=1.860e-02 cal=1.666e-04 ESS=0.977
  full     trial= 7 alpha=1.04451 proj=2.988e-02 cal=3.138e-03 ESS=0.936
  full     trial=14 alpha=0.88803 proj=4.230e-03 cal=1.993e-04 ESS=0.937
  full     trial=17 alpha=0.80289 proj=3.583e-02 cal=2.001e-04 ESS=0.941
Largest learned finite action [lift]: trial=1 alpha=0.54884 A=2984.252 infl=+33.54% projected=False
Largest learned finite action [tangent]: trial=17 alpha=0.80289 A=1375.844 infl=+41.50% projected=True
Largest learned finite action [full]: trial=11 alpha=0.64447 A=1105.498 infl=+26.76% projected=False
========================================================================================================
Saved diagnostics: /home/zanot/projects/tesseract2026/stage_d/d3_attribution_runs/stage_d3_K7.json
