W0813 07:54:32.767363  273632 cuda_executor.cc:1802] GPU interconnect information not available: INTERNAL: NVML doesn't support extracting fabric info or NVLink is not used by the device.
W0813 07:54:32.769526  273530 cuda_executor.cc:1802] GPU interconnect information not available: INTERNAL: NVML doesn't support extracting fabric info or NVLink is not used by the device.
Generating learned FM reference bank: mode=gauss-hermite, N=2592, time_n=21, RK4 substeps/interval=16
========================================================================================================
Stage D.3 — learned FM particle reference + finite/noisy measurements (NO CNF)
========================================================================================================
Backend       : /home/zanot/projects/tesseract2026/stage_b/stage_b2_transport_conditioned_design.py
D0 checkpoint : /home/zanot/projects/tesseract2026/stage_d/stage_d0_flow_matching_reference.npz
Grid/time     : 51x51 / 21
FM bank       : gauss-hermite, GH order=36, Nbank=2592
Condition     : N=100, K=5, noise std=0.01
Trials        : 24 (full action: 24)
Held-out idx  : [1, 2, 3, 4, 6, 7, 8, 9, 11, 12, 13, 14, 16, 17, 18, 19]

Building common physical/particle moment-feasibility intersections...
  lift    : beta inequalities=1289, physical facets=20
  tangent : beta inequalities=1427, physical facets=26
  full    : beta inequalities=1397, physical facets=26
Building common-random-number finite-measurement trial bank...
  trial  1/24 alpha=0.54884 action=True
  trial  2/24 alpha=0.68866 action=True
  trial  3/24 alpha=0.88204 action=True
  trial  4/24 alpha=1.00383 action=True
  trial  5/24 alpha=0.79611 action=True
  trial  6/24 alpha=0.93719 action=True
  trial  7/24 alpha=1.04451 action=True
  trial  8/24 alpha=0.90812 action=True
  trial  9/24 alpha=0.62079 action=True
  trial 10/24 alpha=0.54794 action=True
  trial 11/24 alpha=0.64447 action=True
  trial 12/24 alpha=0.76837 action=True
  trial 13/24 alpha=0.78788 action=True
  trial 14/24 alpha=0.88803 action=True
  trial 15/24 alpha=0.54060 action=True
  trial 16/24 alpha=0.59463 action=True
  trial 17/24 alpha=0.80289 action=True
  trial 18/24 alpha=0.74896 action=True
  trial 19/24 alpha=0.62176 action=True
  trial 20/24 alpha=0.68501 action=True
  trial 21/24 alpha=0.89456 action=True
  trial 22/24 alpha=0.74721 action=True
  trial 23/24 alpha=0.73564 action=True
  trial 24/24 alpha=0.91419 action=True

========================================================================================================
Stage D.3 — learned FM particle reference + finite/noisy measurements (NO CNF)
========================================================================================================
N=100, K=5, detector noise std=0.0100, trials=24 (action=24)
--------------------------------------------------------------------------------------------------------
Lift       learned finite law=0.08554988 ± 1.76e-03 | meas Δ=+2.852e-04 | FM-vs-exact-particle law=+4.191e-05
           learned finite A=1422.214 ± 88.78 | A meas infl.=+21.11% | ESSmin(mean)=0.909 | calmax(mean)=2.63e-04
Tangent-TC learned finite law=0.09035426 ± 1.49e-03 | meas Δ=+4.039e-04 | FM-vs-exact-particle law=+5.100e-05
           learned finite A=1080.724 ± 27.80 | A meas infl.=+6.49% | ESSmin(mean)=0.963 | calmax(mean)=2.35e-04
Full-TC    learned finite law=0.08582299 ± 1.64e-03 | meas Δ=+3.016e-04 | FM-vs-exact-particle law=+3.607e-05
           learned finite A=915.613 ± 21.28 | A meas infl.=+11.80% | ESSmin(mean)=0.917 | calmax(mean)=2.67e-04
--------------------------------------------------------------------------------------------------------
Full-Lift [analytic particles]: finite law Δ=+2.789e-04 ± 1.51e-04 | differential measurement degradation=+1.638e-05 ± 3.15e-05
                             exact-action reduction=+33.02% | finite-action reduction=+34.55%
Full-Lift [learned FM particles]: finite law Δ=+2.731e-04 ± 1.50e-04 | differential measurement degradation=+1.639e-05 ± 3.15e-05
                             exact-action reduction=+34.30% | finite-action reduction=+35.62%
Common feasibility projection active in 19.4% of design-trials; max projection norm=6.299e-02.
Projected cases:
  lift     trial= 4 alpha=1.00383 proj=5.741e-02 cal=5.559e-03 ESS=0.924
  lift     trial= 6 alpha=0.93719 proj=2.729e-02 cal=1.969e-04 ESS=0.922
  lift     trial=14 alpha=0.88803 proj=4.492e-04 cal=1.889e-04 ESS=0.932
  lift     trial=22 alpha=0.74721 proj=1.568e-02 cal=1.874e-04 ESS=0.935
  lift     trial=24 alpha=0.91419 proj=6.091e-03 cal=1.893e-04 ESS=0.937
  tangent  trial= 4 alpha=1.00383 proj=6.299e-02 cal=4.064e-03 ESS=0.972
  tangent  trial= 6 alpha=0.93719 proj=8.471e-03 cal=1.652e-04 ESS=0.969
  tangent  trial=17 alpha=0.80289 proj=2.076e-03 cal=1.254e-03 ESS=0.977
  tangent  trial=22 alpha=0.74721 proj=4.007e-03 cal=1.671e-04 ESS=0.979
  full     trial= 4 alpha=1.00383 proj=6.167e-02 cal=4.336e-03 ESS=0.933
  full     trial= 6 alpha=0.93719 proj=2.424e-02 cal=1.991e-04 ESS=0.927
  full     trial=17 alpha=0.80289 proj=1.786e-03 cal=1.476e-03 ESS=0.941
  full     trial=22 alpha=0.74721 proj=1.420e-02 cal=2.007e-04 ESS=0.943
  full     trial=24 alpha=0.91419 proj=4.356e-03 cal=2.011e-04 ESS=0.944
Largest learned finite action [lift]: trial=10 alpha=0.54794 A=2644.755 infl=+17.84% projected=False
Largest learned finite action [tangent]: trial=6 alpha=0.93719 A=1457.093 infl=+56.23% projected=True
Largest learned finite action [full]: trial=6 alpha=0.93719 A=1083.516 infl=+44.26% projected=True
========================================================================================================
Saved diagnostics: /home/zanot/projects/tesseract2026/stage_d/d3_attribution_runs/stage_d3_K5.json
