W0813 08:02:55.447360  278597 cuda_executor.cc:1802] GPU interconnect information not available: INTERNAL: NVML doesn't support extracting fabric info or NVLink is not used by the device.
W0813 08:02:55.449815  278481 cuda_executor.cc:1802] GPU interconnect information not available: INTERNAL: NVML doesn't support extracting fabric info or NVLink is not used by the device.
Generating learned FM reference bank: mode=gauss-hermite, N=2592, time_n=21, RK4 substeps/interval=16
========================================================================================================
Stage D.3 — learned FM particle reference + finite/noisy measurements (NO CNF)
========================================================================================================
Backend       : /home/zanot/projects/tesseract2026/stage_b/stage_b2_transport_conditioned_design.py
D0 checkpoint : /home/zanot/projects/tesseract2026/stage_d/stage_d0_flow_matching_reference.npz
Grid/time     : 51x51 / 21
FM bank       : gauss-hermite, GH order=36, Nbank=2592
Condition     : N=100, K=17, noise std=0.01
Trials        : 24 (full action: 24)
Held-out idx  : [11, 14, 16, 19]

Building common physical/particle moment-feasibility intersections...
  lift    : beta inequalities=1289, physical facets=20
  tangent : beta inequalities=1427, physical facets=26
  full    : beta inequalities=1397, physical facets=26
Building common-random-number finite-measurement trial bank...
  trial  1/24 alpha=0.54884 action=True
  trial  2/24 alpha=0.68866 action=True
  trial  3/24 alpha=0.88204 action=True
  trial  4/24 alpha=1.00383 action=True
  trial  5/24 alpha=0.79611 action=True
  trial  6/24 alpha=0.93719 action=True
  trial  7/24 alpha=1.04451 action=True
  trial  8/24 alpha=0.90812 action=True
  trial  9/24 alpha=0.62079 action=True
  trial 10/24 alpha=0.54794 action=True
  trial 11/24 alpha=0.64447 action=True
  trial 12/24 alpha=0.76837 action=True
  trial 13/24 alpha=0.78788 action=True
  trial 14/24 alpha=0.88803 action=True
  trial 15/24 alpha=0.54060 action=True
  trial 16/24 alpha=0.59463 action=True
  trial 17/24 alpha=0.80289 action=True
  trial 18/24 alpha=0.74896 action=True
  trial 19/24 alpha=0.62176 action=True
  trial 20/24 alpha=0.68501 action=True
  trial 21/24 alpha=0.89456 action=True
  trial 22/24 alpha=0.74721 action=True
  trial 23/24 alpha=0.73564 action=True
  trial 24/24 alpha=0.91419 action=True

========================================================================================================
Stage D.3 — learned FM particle reference + finite/noisy measurements (NO CNF)
========================================================================================================
N=100, K=17, detector noise std=0.0100, trials=24 (action=24)
--------------------------------------------------------------------------------------------------------
Lift       learned finite law=0.09461719 ± 1.11e-03 | meas Δ=-4.155e-04 | FM-vs-exact-particle law=-2.112e-04
           learned finite A=1323.207 ± 105.80 | A meas infl.=+5.83% | ESSmin(mean)=0.907 | calmax(mean)=7.40e-10
Tangent-TC learned finite law=0.09851742 ± 1.41e-03 | meas Δ=-5.216e-04 | FM-vs-exact-particle law=-2.000e-04
           learned finite A=1039.446 ± 19.96 | A meas infl.=+1.88% | ESSmin(mean)=0.961 | calmax(mean)=7.24e-10
Full-TC    learned finite law=0.09611512 ± 1.26e-03 | meas Δ=-4.634e-04 | FM-vs-exact-particle law=-2.278e-04
           learned finite A=851.605 ± 18.71 | A meas infl.=+3.13% | ESSmin(mean)=0.916 | calmax(mean)=7.94e-10
--------------------------------------------------------------------------------------------------------
Full-Lift [analytic particles]: finite law Δ=+1.515e-03 ± 1.82e-04 | differential measurement degradation=-4.740e-05 ± 3.29e-05
                             exact-action reduction=+33.02% | finite-action reduction=+34.38%
Full-Lift [learned FM particles]: finite law Δ=+1.498e-03 ± 1.81e-04 | differential measurement degradation=-4.793e-05 ± 3.30e-05
                             exact-action reduction=+34.30% | finite-action reduction=+35.64%
Common feasibility projection active in 0.0% of design-trials; max projection norm=0.000e+00.
Largest learned finite action [lift]: trial=10 alpha=0.54794 A=2845.267 infl=+26.77% projected=False
Largest learned finite action [tangent]: trial=10 alpha=0.54794 A=1298.964 infl=+8.37% projected=False
Largest learned finite action [full]: trial=10 alpha=0.54794 A=1120.223 infl=+13.31% projected=False
========================================================================================================
Saved diagnostics: /home/zanot/projects/tesseract2026/stage_d/d3_attribution_runs/stage_d3_K17.json
